Graphics Card Vendor: NVIDIA Corporation
OpenGL Renderer: NVIDIA GeForce RTX 5070 Ti/PCIe/SSE2
OpenGL Version: 4.6.0 NVIDIA 591.86
GLSL Version: 4.60 NVIDIA
Graphics card supports ARB_copy_image.
Graphics card supports ARB_buffer_storage.
Fragment shader "..\FLARData\shader\fixedFunction.fp":
Compilation info from driver:
0(459) : warning C7533: global variable gl_FragColor is deprecated after version 120

Shader linking log:
Fragment info
-------------
0(459) : warning C7533: global variable gl_FragColor is deprecated after version 120
0(288) : warning C7050: "vertexAmbientColor" might be used before being initialized
0(342) : warning C7050: "lightDir" might be used before being initialized
0(403) : warning C7050: "cubeMapTexCoords" might be used before being initialized

Fragment shader "..\FLARData\shader\postProcess.fp":
Compilation info from driver:
0(292) : warning C7533: global variable gl_FragColor is deprecated after version 120

Shader linking log:
Fragment info
-------------
0(292) : warning C7533: global variable gl_FragColor is deprecated after version 120

Fragment shader "..\FLARData\shader\noMaterial.fp":
Compilation info from driver:
0(12) : warning C7533: global variable gl_FragColor is deprecated after version 120

Shader linking log:
Fragment info
-------------
0(12) : warning C7533: global variable gl_FragColor is deprecated after version 120

Fragment shader "..\FLARData\shader\depthOnly.fp":
Compilation info from driver:
0(19) : warning C7533: global variable gl_FragColor is deprecated after version 120

Shader linking log:
Fragment info
-------------
0(19) : warning C7533: global variable gl_FragColor is deprecated after version 120

Fragment shader "..\FLARData\shader\postProcessLightScatter.fp":
Compilation info from driver:
0(45) : warning C7533: global variable gl_FragColor is deprecated after version 120

Shader linking log:
Fragment info
-------------
0(45) : warning C7533: global variable gl_FragColor is deprecated after version 120

Fragment shader "..\FLARData\shader\brdf.fp":
Compilation info from driver:
0(127) : warning C7533: global variable gl_FragColor is deprecated after version 120

Shader linking log:
Fragment info
-------------
0(127) : warning C7533: global variable gl_FragColor is deprecated after version 120

Fragment shader "..\FLARData\shader\prefilter.fp":
Compilation info from driver:
0(124) : warning C7533: global variable gl_FragColor is deprecated after version 120

Shader linking log:
Fragment info
-------------
0(124) : warning C7533: global variable gl_FragColor is deprecated after version 120

Fragment shader "..\FLARData\shader\Irradiance.fp":
Compilation info from driver:
0(106) : warning C7533: global variable gl_FragColor is deprecated after version 120

Shader linking log:
Fragment info
-------------
0(106) : warning C7533: global variable gl_FragColor is deprecated after version 120

Fragment shader "..\FLARData\shader\simpleColor.fp":
Compilation info from driver:
0(13) : warning C7533: global variable gl_FragColor is deprecated after version 120

Shader linking log:
Fragment info
-------------
0(13) : warning C7533: global variable gl_FragColor is deprecated after version 120

